[quaresmacomsaomiguel.com.br/index.html]
[backblue.gif]
[fade.gif]
[index.html]
[quaresmacomsaomiguel.com.br/wp-content/plugins/elementor/assets/css/frontend.min415f.css]
[quaresmacomsaomiguel.com.br/wp-content/uploads/elementor/css/post-4e906.css]
[quaresmacomsaomiguel.com.br/wp-content/plugins/elementor/assets/css/widget-heading.min415f.css]
[quaresmacomsaomiguel.com.br/feed/index.html]
[quaresmacomsaomiguel.com.br/comments/feed/index.html]
[quaresmacomsaomiguel.com.br/wp-content/plugins/elementor/assets/css/widget-image-box.min415f.css]
[quaresmacomsaomiguel.com.br/wp-content/plugins/elementor/assets/css/widget-icon-list.min415f.css]
[quaresmacomsaomiguel.com.br/wp-content/plugins/elementor/assets/css/widget-nested-accordion.min415f.css]
[quaresmacomsaomiguel.com.br/wp-content/uploads/elementor/css/post-4711ae5.css]
[quaresmacomsaomiguel.com.br/wp-content/uploads/elementor/google-fonts/css/robotoaaf4.css]
[quaresmacomsaomiguel.com.br/wp-content/uploads/elementor/google-fonts/css/robotoslab7b78.css]
[quaresmacomsaomiguel.com.br/wp-content/uploads/elementor/google-fonts/css/merriweather67c4.css]
[quaresmacomsaomiguel.com.br/wp-content/uploads/elementor/google-fonts/css/merriweathersans971b.css]
[quaresmacomsaomiguel.com.br/wp-content/uploads/elementor/google-fonts/css/cormorantebdd.css]
[quaresmacomsaomiguel.com.br/wp-content/uploads/elementor/google-fonts/css/plusjakartasans157e.css]
[quaresmacomsaomiguel.com.br/wp-content/uploads/elementor/google-fonts/css/poppins0c0d.css]
[quaresmacomsaomiguel.com.br/wp-content/uploads/elementor/google-fonts/css/manrope77ef.css]
[quaresmacomsaomiguel.com.br/wp-includes/js/jquery/jquery.minf43b.js]
[quaresmacomsaomiguel.com.br/wp-includes/js/jquery/jquery-migrate.min5589.js]
[quaresmacomsaomiguel.com.br/wp-json/wp/v2/pages/471.json]
[quaresmacomsaomiguel.com.br/wp-json/index.html]
[quaresmacomsaomiguel.com.br/xmlrpc0db0.php]
[quaresmacomsaomiguel.com.br/wp-json/oembed/1.0/embedb681.json]
[quaresmacomsaomiguel.com.br/wp-json/oembed/1.0/embedaf45]
[cdn.utmify.com.br/scripts/utms/latest.js]
[cdn.utmify.com.br/scripts/pixel/pixel.js]
[quaresmacomsaomiguel.com.br/wp-content/themes/twentytwentyfour/assets/fonts/inter/Inter-VariableFont_slnt,wght.woff2]
[quaresmacomsaomiguel.com.br/wp-content/themes/twentytwentyfour/assets/fonts/cardo/cardo_normal_400.woff2]
[quaresmacomsaomiguel.com.br/wp-content/themes/twentytwentyfour/assets/fonts/cardo/cardo_italic_400.woff2]
[quaresmacomsaomiguel.com.br/wp-content/themes/twentytwentyfour/assets/fonts/cardo/cardo_normal_700.woff2]
[quaresmacomsaomiguel.com.br/wp-content/uploads/2025/08/cropped-favicon-quaresma-32x32.webp]
[quaresmacomsaomiguel.com.br/wp-content/uploads/2025/08/cropped-favicon-quaresma-192x192.webp]
[quaresmacomsaomiguel.com.br/wp-content/uploads/2025/08/cropped-favicon-quaresma-180x180.webp]
[quaresmacomsaomiguel.com.br/wp-content/uploads/2025/08/movk.webp]
[quaresmacomsaomiguel.com.br/wp-content/uploads/2025/08/selo-garantia.webp]
[quaresmacomsaomiguel.com.br/wp-content/plugins/elementor/assets/js/webpack.runtime.min415f.js]
[quaresmacomsaomiguel.com.br/wp-content/plugins/elementor/assets/js/frontend.min415f.js]
[quaresmacomsaomiguel.com.br/wp-includes/js/jquery/ui/core.minb37e.js]
[quaresmacomsaomiguel.com.br/wp-content/plugins/pro-elements/assets/js/webpack-pro.runtime.min415f.js]
[quaresmacomsaomiguel.com.br/wp-content/plugins/elementor/assets/js/frontend-modules.min415f.js]
[quaresmacomsaomiguel.com.br/wp-includes/js/dist/hooks.min4fdd.js]
[quaresmacomsaomiguel.com.br/wp-includes/js/dist/i18n.minc33c.js]
[quaresmacomsaomiguel.com.br/wp-content/plugins/pro-elements/assets/js/frontend.min415f.js]
[quaresmacomsaomiguel.com.br/index.html]
[quaresmacomsaomiguel.com.br/wp-content/plugins/elementor/assets/css/frontend.min415f.css]
[quaresmacomsaomiguel.com.br/wp-content/uploads/elementor/css/post-4e906.css]
[quaresmacomsaomiguel.com.br/wp-content/plugins/elementor/assets/css/widget-heading.min415f.css]
[quaresmacomsaomiguel.com.br/wp-content/plugins/elementor/assets/css/widget-image.min415f.css]
[quaresmacomsaomiguel.com.br/wp-content/plugins/elementor/assets/css/widget-image-box.min415f.css]
[quaresmacomsaomiguel.com.br/wp-content/plugins/elementor/assets/css/widget-icon-list.min415f.css]
[quaresmacomsaomiguel.com.br/wp-content/plugins/elementor/assets/css/widget-nested-accordion.min415f.css]
[quaresmacomsaomiguel.com.br/wp-content/plugins/pro-elements/assets/js/elements-handlers.min415f.js]
[quaresmacomsaomiguel.com.br/wp-content/uploads/2025/08/fotocta.webp]
[quaresmacomsaomiguel.com.br/wp-content/uploads/2025/08/AnyConv.com__ChatGPT-Image-9-de-ago.-de-2025-16_10_51.webp]
[quaresmacomsaomiguel.com.br/wp-content/uploads/2025/08/saomiguel.webp]
[quaresmacomsaomiguel.com.br/wp-content/uploads/2025/08/capa-sao-miguel.webp]
[quaresmacomsaomiguel.com.br/wp-content/uploads/elementor/css/post-4711ae5.css]
[quaresmacomsaomiguel.com.br/wp-content/uploads/elementor/google-fonts/fonts/roboto-aa47213c.woff2]
[quaresmacomsaomiguel.com.br/wp-content/uploads/elementor/google-fonts/fonts/roboto-60dc2a88.woff2]
[quaresmacomsaomiguel.com.br/wp-content/uploads/elementor/google-fonts/fonts/roboto-88769a1e.woff2]
[quaresmacomsaomiguel.com.br/wp-content/uploads/elementor/google-fonts/fonts/roboto-0585f5a7.woff2]
[quaresmacomsaomiguel.com.br/wp-content/uploads/elementor/google-fonts/fonts/roboto-244686ad.woff2]
[quaresmacomsaomiguel.com.br/wp-content/uploads/elementor/google-fonts/fonts/roboto-58e5057a.woff2]
[quaresmacomsaomiguel.com.br/wp-content/uploads/elementor/google-fonts/fonts/roboto-c012394d.woff2]
[quaresmacomsaomiguel.com.br/wp-content/uploads/elementor/google-fonts/fonts/roboto-b8c55b0e.woff2]
[quaresmacomsaomiguel.com.br/wp-content/uploads/elementor/google-fonts/fonts/roboto-6fa0783f.woff2]
[quaresmacomsaomiguel.com.br/wp-content/uploads/elementor/google-fonts/fonts/roboto-1dba1bc2.woff2]
[quaresmacomsaomiguel.com.br/wp-content/uploads/elementor/google-fonts/fonts/roboto-c4482425.woff2]
[quaresmacomsaomiguel.com.br/wp-content/uploads/elementor/google-fonts/fonts/roboto-a1dc56af.woff2]
[quaresmacomsaomiguel.com.br/wp-content/uploads/elementor/google-fonts/fonts/roboto-20c48c4e.woff2]
[quaresmacomsaomiguel.com.br/wp-content/uploads/elementor/google-fonts/fonts/roboto-3603e9b2.woff2]
[quaresmacomsaomiguel.com.br/wp-content/uploads/elementor/google-fonts/fonts/roboto-31b09f96.woff2]
[quaresmacomsaomiguel.com.br/wp-content/uploads/elementor/google-fonts/fonts/roboto-bf5e5259.woff2]
[quaresmacomsaomiguel.com.br/wp-content/uploads/elementor/google-fonts/fonts/roboto-41d25e69.woff2]
[quaresmacomsaomiguel.com.br/wp-content/uploads/elementor/google-fonts/fonts/roboto-fb5169d9.woff2]
[quaresmacomsaomiguel.com.br/wp-content/uploads/elementor/google-fonts/css/robotoaaf4.css]
[quaresmacomsaomiguel.com.br/wp-content/uploads/elementor/google-fonts/css/robotoslab7b78.css]
[quaresmacomsaomiguel.com.br/wp-content/uploads/elementor/google-fonts/css/merriweather67c4.css]
[quaresmacomsaomiguel.com.br/wp-content/uploads/elementor/google-fonts/css/merriweathersans971b.css]
[quaresmacomsaomiguel.com.br/wp-content/uploads/elementor/google-fonts/css/cormorantebdd.css]
[quaresmacomsaomiguel.com.br/wp-content/uploads/elementor/google-fonts/css/plusjakartasans157e.css]
[quaresmacomsaomiguel.com.br/wp-content/uploads/elementor/google-fonts/css/poppins0c0d.css]
[quaresmacomsaomiguel.com.br/wp-content/uploads/elementor/google-fonts/css/manrope77ef.css]
[quaresmacomsaomiguel.com.br/wp-includes/js/jquery/jquery.minf43b.js]
[quaresmacomsaomiguel.com.br/wp-includes/js/jquery/jquery-migrate.min5589.js]
[quaresmacomsaomiguel.com.br/wp-content/plugins/elementor/assets/js/webpack.runtime.min415f.js]
[quaresmacomsaomiguel.com.br/wp-content/plugins/elementor/assets/js/frontend-modules.min415f.js]
[quaresmacomsaomiguel.com.br/wp-includes/js/jquery/ui/core.minb37e.js]
[quaresmacomsaomiguel.com.br/wp-content/plugins/elementor/assets/js/frontend.min415f.js]
[quaresmacomsaomiguel.com.br/wp-content/plugins/pro-elements/assets/js/webpack-pro.runtime.min415f.js]
[quaresmacomsaomiguel.com.br/wp-includes/js/dist/hooks.min4fdd.js]
[quaresmacomsaomiguel.com.br/wp-includes/js/dist/i18n.minc33c.js]
[quaresmacomsaomiguel.com.br/wp-content/plugins/pro-elements/assets/js/frontend.min415f.js]
[quaresmacomsaomiguel.com.br/wp-content/plugins/pro-elements/assets/js/elements-handlers.min415f.js]
[quaresmacomsaomiguel.com.br/wp-content/uploads/elementor/google-fonts/fonts/robotoslab-83dfed57.html]
[quaresmacomsaomiguel.com.br/wp-content/uploads/elementor/google-fonts/fonts/robotoslab-f7c1acf8.html]
[quaresmacomsaomiguel.com.br/wp-content/uploads/elementor/google-fonts/fonts/robotoslab-f5125d80.html]
[quaresmacomsaomiguel.com.br/wp-content/uploads/elementor/google-fonts/fonts/robotoslab-7335a6ac.html]
[quaresmacomsaomiguel.com.br/wp-content/uploads/elementor/google-fonts/fonts/robotoslab-a3e20834.html]
[quaresmacomsaomiguel.com.br/wp-content/uploads/elementor/google-fonts/fonts/robotoslab-ecf35e38.html]
[quaresmacomsaomiguel.com.br/wp-content/uploads/elementor/google-fonts/fonts/robotoslab-09b550e6.html]
[quaresmacomsaomiguel.com.br/wp-content/uploads/elementor/google-fonts/fonts/merriweather-d15b2b9b.html]
[quaresmacomsaomiguel.com.br/wp-content/uploads/elementor/google-fonts/fonts/merriweather-7a264fd5.html]
[quaresmacomsaomiguel.com.br/wp-content/uploads/elementor/google-fonts/fonts/merriweather-f9d4e426.html]
[quaresmacomsaomiguel.com.br/wp-content/uploads/elementor/google-fonts/fonts/merriweather-ee32c7c3.html]
[quaresmacomsaomiguel.com.br/wp-content/uploads/elementor/google-fonts/fonts/merriweather-812e5f27.html]
[quaresmacomsaomiguel.com.br/wp-content/uploads/elementor/google-fonts/fonts/merriweather-90fa798d.html]
[quaresmacomsaomiguel.com.br/wp-content/uploads/elementor/google-fonts/fonts/merriweather-d178bafb.html]
[quaresmacomsaomiguel.com.br/wp-content/uploads/elementor/google-fonts/fonts/merriweather-bd543bf3.html]
[quaresmacomsaomiguel.com.br/wp-content/uploads/elementor/google-fonts/fonts/merriweather-ed3d523a.html]
[quaresmacomsaomiguel.com.br/wp-content/uploads/elementor/google-fonts/fonts/merriweather-d25fde7d.html]
[quaresmacomsaomiguel.com.br/wp-content/uploads/elementor/google-fonts/fonts/merriweathersans-2cc7b768.html]
[quaresmacomsaomiguel.com.br/wp-content/uploads/elementor/google-fonts/fonts/merriweathersans-237ff2eb.html]
[quaresmacomsaomiguel.com.br/wp-content/uploads/elementor/google-fonts/fonts/merriweathersans-a88b602d.html]
[quaresmacomsaomiguel.com.br/wp-content/uploads/elementor/google-fonts/fonts/merriweathersans-5b0e0c38.html]
[quaresmacomsaomiguel.com.br/wp-content/uploads/elementor/google-fonts/fonts/merriweathersans-56d840cc.html]
[quaresmacomsaomiguel.com.br/wp-content/uploads/elementor/google-fonts/fonts/merriweathersans-76b4ea60.html]
[quaresmacomsaomiguel.com.br/wp-content/uploads/elementor/google-fonts/fonts/merriweathersans-5d8598ee.html]
[quaresmacomsaomiguel.com.br/wp-content/uploads/elementor/google-fonts/fonts/merriweathersans-7de33aa8.html]
[quaresmacomsaomiguel.com.br/wp-content/uploads/elementor/google-fonts/fonts/cormorant-59188b86.html]
[quaresmacomsaomiguel.com.br/wp-content/uploads/elementor/google-fonts/fonts/cormorant-334febfd.html]
[quaresmacomsaomiguel.com.br/wp-content/uploads/elementor/google-fonts/fonts/cormorant-84f7d069.html]
[quaresmacomsaomiguel.com.br/wp-content/uploads/elementor/google-fonts/fonts/cormorant-f239bac0.html]
[quaresmacomsaomiguel.com.br/wp-content/uploads/elementor/google-fonts/fonts/cormorant-89b4a04c.html]
[quaresmacomsaomiguel.com.br/wp-content/uploads/elementor/google-fonts/fonts/cormorant-5744b79d.html]
[quaresmacomsaomiguel.com.br/wp-content/uploads/elementor/google-fonts/fonts/cormorant-451df2ce.html]
[quaresmacomsaomiguel.com.br/wp-content/uploads/elementor/google-fonts/fonts/cormorant-e632f500.html]
[quaresmacomsaomiguel.com.br/wp-content/uploads/elementor/google-fonts/fonts/cormorant-27a7a1a0.html]
[quaresmacomsaomiguel.com.br/wp-content/uploads/elementor/google-fonts/fonts/cormorant-b39b9298.html]
[quaresmacomsaomiguel.com.br/wp-content/uploads/elementor/google-fonts/fonts/plusjakartasans-c7436f98.html]
[quaresmacomsaomiguel.com.br/wp-content/uploads/elementor/google-fonts/fonts/plusjakartasans-b40c6c86.html]
[quaresmacomsaomiguel.com.br/wp-content/uploads/elementor/google-fonts/fonts/plusjakartasans-19c4bd70.html]
[quaresmacomsaomiguel.com.br/wp-content/uploads/elementor/google-fonts/fonts/plusjakartasans-a0553423.html]
[quaresmacomsaomiguel.com.br/wp-content/uploads/elementor/google-fonts/fonts/plusjakartasans-cc5d1ba7.html]
[quaresmacomsaomiguel.com.br/wp-content/uploads/elementor/google-fonts/fonts/plusjakartasans-23959148.html]
[quaresmacomsaomiguel.com.br/wp-content/uploads/elementor/google-fonts/fonts/plusjakartasans-5feefc79.html]
[quaresmacomsaomiguel.com.br/wp-content/uploads/elementor/google-fonts/fonts/plusjakartasans-ac610b3c.html]
[quaresmacomsaomiguel.com.br/wp-content/uploads/elementor/google-fonts/fonts/poppins-ae447c40.html]
[quaresmacomsaomiguel.com.br/wp-content/uploads/elementor/google-fonts/fonts/poppins-1ba77177.html]
[quaresmacomsaomiguel.com.br/wp-content/uploads/elementor/google-fonts/fonts/poppins-a18f02d9.html]
[quaresmacomsaomiguel.com.br/wp-content/uploads/elementor/google-fonts/fonts/poppins-96dcdbfb.html]
[quaresmacomsaomiguel.com.br/wp-content/uploads/elementor/google-fonts/fonts/poppins-a2613ad4.html]
[quaresmacomsaomiguel.com.br/wp-content/uploads/elementor/google-fonts/fonts/poppins-4eaf914b.html]
[quaresmacomsaomiguel.com.br/wp-content/uploads/elementor/google-fonts/fonts/poppins-95d1147c.html]
[quaresmacomsaomiguel.com.br/wp-content/uploads/elementor/google-fonts/fonts/poppins-a0278d24.html]
[quaresmacomsaomiguel.com.br/wp-content/uploads/elementor/google-fonts/fonts/poppins-b8912fb3.html]
[quaresmacomsaomiguel.com.br/wp-content/uploads/elementor/google-fonts/fonts/poppins-df84a55e.html]
[quaresmacomsaomiguel.com.br/wp-content/uploads/elementor/google-fonts/fonts/poppins-d9ab13ac.html]
[quaresmacomsaomiguel.com.br/wp-content/uploads/elementor/google-fonts/fonts/poppins-32322fa1.html]
[quaresmacomsaomiguel.com.br/wp-content/uploads/elementor/google-fonts/fonts/poppins-3812580e.html]
[quaresmacomsaomiguel.com.br/wp-content/uploads/elementor/google-fonts/fonts/poppins-0c1a9fee.html]
[quaresmacomsaomiguel.com.br/wp-content/uploads/elementor/google-fonts/fonts/poppins-1b4e48a2.html]
[quaresmacomsaomiguel.com.br/wp-content/uploads/elementor/google-fonts/fonts/poppins-e98eda6d.html]
[quaresmacomsaomiguel.com.br/wp-content/uploads/elementor/google-fonts/fonts/poppins-4702519f.html]
[quaresmacomsaomiguel.com.br/wp-content/uploads/elementor/google-fonts/fonts/poppins-6a247629.html]
[quaresmacomsaomiguel.com.br/wp-content/uploads/elementor/google-fonts/fonts/poppins-09f830f7.html]
[quaresmacomsaomiguel.com.br/wp-content/uploads/elementor/google-fonts/fonts/poppins-2f0e6353.html]
[quaresmacomsaomiguel.com.br/wp-content/uploads/elementor/google-fonts/fonts/poppins-830a0ca7.html]
[quaresmacomsaomiguel.com.br/wp-content/uploads/elementor/google-fonts/fonts/poppins-b2445b9c.html]
[quaresmacomsaomiguel.com.br/wp-content/uploads/elementor/google-fonts/fonts/poppins-a37a8ffc.html]
[quaresmacomsaomiguel.com.br/wp-content/uploads/elementor/google-fonts/fonts/poppins-a3de22ad.html]
[quaresmacomsaomiguel.com.br/wp-content/uploads/elementor/google-fonts/fonts/poppins-4667070e.html]
[quaresmacomsaomiguel.com.br/wp-content/uploads/elementor/google-fonts/fonts/poppins-0e5be173.html]
[quaresmacomsaomiguel.com.br/wp-content/uploads/elementor/google-fonts/fonts/poppins-07bd83c6.html]
[quaresmacomsaomiguel.com.br/wp-content/uploads/elementor/google-fonts/fonts/poppins-8e5b20a6.html]
[quaresmacomsaomiguel.com.br/wp-content/uploads/elementor/google-fonts/fonts/poppins-8d45c5f8.html]
[quaresmacomsaomiguel.com.br/wp-content/uploads/elementor/google-fonts/fonts/poppins-ba429409.html]
[quaresmacomsaomiguel.com.br/wp-content/uploads/elementor/google-fonts/fonts/poppins-900db850.html]
[quaresmacomsaomiguel.com.br/wp-content/uploads/elementor/google-fonts/fonts/poppins-22c4c07f.html]
[quaresmacomsaomiguel.com.br/wp-content/uploads/elementor/google-fonts/fonts/poppins-6a4ef3ad.html]
[quaresmacomsaomiguel.com.br/wp-content/uploads/elementor/google-fonts/fonts/poppins-0596432c.html]
[quaresmacomsaomiguel.com.br/wp-content/uploads/elementor/google-fonts/fonts/poppins-01952428.html]
[quaresmacomsaomiguel.com.br/wp-content/uploads/elementor/google-fonts/fonts/poppins-4348c405.html]
[quaresmacomsaomiguel.com.br/wp-content/uploads/elementor/google-fonts/fonts/poppins-08a9d090.html]
[quaresmacomsaomiguel.com.br/wp-content/uploads/elementor/google-fonts/fonts/poppins-25f6a6d7.html]
[quaresmacomsaomiguel.com.br/wp-content/uploads/elementor/google-fonts/fonts/poppins-e215b6a9.html]
[quaresmacomsaomiguel.com.br/wp-content/uploads/elementor/google-fonts/fonts/poppins-19faf36e.html]
[quaresmacomsaomiguel.com.br/wp-content/uploads/elementor/google-fonts/fonts/poppins-1185dc6d.html]
[quaresmacomsaomiguel.com.br/wp-content/uploads/elementor/google-fonts/fonts/poppins-ae4d1a33.html]
[quaresmacomsaomiguel.com.br/wp-content/uploads/elementor/google-fonts/fonts/poppins-e84726c3.html]
[quaresmacomsaomiguel.com.br/wp-content/uploads/elementor/google-fonts/fonts/poppins-db01bbbc.html]
[quaresmacomsaomiguel.com.br/wp-content/uploads/elementor/google-fonts/fonts/poppins-95fdc599.html]
[quaresmacomsaomiguel.com.br/wp-content/uploads/elementor/google-fonts/fonts/poppins-7be2a916.html]
[quaresmacomsaomiguel.com.br/wp-content/uploads/elementor/google-fonts/fonts/poppins-ceb23af3.html]
[quaresmacomsaomiguel.com.br/wp-content/uploads/elementor/google-fonts/fonts/poppins-3a2ac464.html]
[quaresmacomsaomiguel.com.br/wp-content/uploads/elementor/google-fonts/fonts/poppins-47a7ff50.html]
[quaresmacomsaomiguel.com.br/wp-content/uploads/elementor/google-fonts/fonts/poppins-9fb917c7.html]
[quaresmacomsaomiguel.com.br/wp-content/uploads/elementor/google-fonts/fonts/poppins-7623a425.html]
[quaresmacomsaomiguel.com.br/wp-content/uploads/elementor/google-fonts/fonts/poppins-12db5a4d.html]
[quaresmacomsaomiguel.com.br/wp-content/uploads/elementor/google-fonts/fonts/poppins-2ce32018.html]
[quaresmacomsaomiguel.com.br/wp-content/uploads/elementor/google-fonts/fonts/poppins-2bf19588.html]
[quaresmacomsaomiguel.com.br/wp-content/uploads/elementor/google-fonts/fonts/manrope-04e1653b.html]
[quaresmacomsaomiguel.com.br/wp-content/uploads/elementor/google-fonts/fonts/manrope-966c86c1.html]
[quaresmacomsaomiguel.com.br/wp-content/uploads/elementor/google-fonts/fonts/manrope-6b0e7cb0.html]
[quaresmacomsaomiguel.com.br/wp-content/uploads/elementor/google-fonts/fonts/manrope-f6e393c9.html]
[quaresmacomsaomiguel.com.br/wp-content/uploads/elementor/google-fonts/fonts/manrope-547f4c25.html]
[quaresmacomsaomiguel.com.br/wp-content/uploads/elementor/google-fonts/fonts/manrope-d672325a.html]
[quaresmacomsaomiguel.com.br/OPR/index.html]
[quaresmacomsaomiguel.com.br/window.location.html]
[quaresmacomsaomiguel.com.br/wp-content/uploads/elementor/google-fonts/fonts/roboto-bf5e5259.woff2]
