[gov.pampersbr.org/index368a.html]
[backblue.gif]
[fade.gif]
[index.html]
[gov.pampersbr.org/css/xKCoaRIwR359.css]
[cdn.utmify.com.br/scripts/utms/latest.js]
[cdn.utmify.com.br/scripts/pixel/pixel.js]
[gov.pampersbr.org/verificacao/index.html]
[gov.pampersbr.org/index368a.html]
[gov.pampersbr.org/fonts/p5fAUfcHv07s.woff2]
[gov.pampersbr.org/fonts/6E8UYAAiLzTB.ttf]
[gov.pampersbr.org/fonts/XEPF7IiFIrNV.woff2]
[gov.pampersbr.org/fonts/qQEGfxqgv6jL.ttf]
[gov.pampersbr.org/fonts/GMUQhIW0mPa1.woff2]
[gov.pampersbr.org/fonts/UXmPkqdxrGp1.ttf]
[gov.pampersbr.org/fonts/xtgAyA3KccRS.woff2]
[gov.pampersbr.org/fonts/7BbTkxKKs6w4.ttf]
[gov.pampersbr.org/css/xKCoaRIwR359.css]
[gov.pampersbr.org/verificacao/css/qm5KL0yit51P.css]
[gov.pampersbr.org/verificacao/css/gqCHOvrxeN42.css]
[gov.pampersbr.org/verificacao/js/lS2x41FlY7YE.js]
[gov.pampersbr.org/verificacao/js/O6ffwWQvxm0N.js]
[gov.pampersbr.org/verificacao/baseUrl, window.location.href]
[gov.pampersbr.org/verificacao/index.html]
[gov.pampersbr.org/verificacao/css/qm5KL0yit51P.css]
[gov.pampersbr.org/verificacao/css/gqCHOvrxeN42.css]
[gov.pampersbr.org/verificacao/js/63oN4FKB5pir.js]
[gov.pampersbr.org/verificacao/baseUrl, window.location.html]
[gov.pampersbr.org/celular/index.html]
[gov.pampersbr.org/index.html]
[gov.pampersbr.org/celular/css/8KIqJ1bPs2AS.css]
[gov.pampersbr.org/celular/css/waQr1yShbzFw.css]
[gov.pampersbr.org/celular/js/E0Q3niRIJSmO.js]
[gov.pampersbr.org/celular/js/XwEj3KTMFYrV.js]
[gov.pampersbr.org/celular/js/M6HnqmS6vbcj.js]
[gov.pampersbr.org/2/index.html]
[gov.pampersbr.org/celular/index.html]
[gov.pampersbr.org/questionario/index.html]
[gov.pampersbr.org/index.html]
[gov.pampersbr.org/celular/css/8KIqJ1bPs2AS.css]
[gov.pampersbr.org/celular/css/waQr1yShbzFw.css]
[gov.pampersbr.org/2/index.html]
[gov.pampersbr.org/questionario/css/7ePR7FdmhYZ0.css]
[gov.pampersbr.org/questionario/js/NmgfCde9V4Sk.js]
[gov.pampersbr.org/questionario/index.html]
[gov.pampersbr.org/questionario/fonts/gqiHLDx8kMZ6.woff2]
[gov.pampersbr.org/questionario/fonts/RPFvzTw6AyHS.ttf]
[gov.pampersbr.org/questionario/fonts/adENsHwkcRx9.woff2]
[gov.pampersbr.org/questionario/fonts/H8kOPn9GWM8r.ttf]
[gov.pampersbr.org/questionario/fonts/5dKwQ7b57mAl.woff2]
[gov.pampersbr.org/questionario/fonts/UfP7ht4YpgJF.ttf]
[gov.pampersbr.org/questionario/fonts/xxKi4GqPm5yn.woff2]
[gov.pampersbr.org/questionario/fonts/cFq0f9jT1o7j.ttf]
[gov.pampersbr.org/questionario/css/7ePR7FdmhYZ0.css]
